padman: *** VBLANK OVERLAP ***
WARNING: WaitSema KE_CAN_NOT_WAIT
CDVD GAP ms=92869 gap=70 lsn=112887 n=16
WARNING: WaitSema KE_CAN_NOT_WAIT
WARNING: WaitSema KE_CAN_NOT_WAIT
CDVD N ms=93845 n=768 gaps=164
WARNING: WaitSema KE_CAN_NOT_WAIT
WARNING: WaitSema KE_CAN_NOT_WAIT
CDVD GAP ms=94328 gap=230 lsn=119758 n=16
WARNING: WaitSema KE_CAN_NOT_WAIT
WARNING: WaitSema KE_CAN_NOT_WAIT
CDVD GAP ms=94517 gap=87 lsn=121201 n=16
WARNING: WaitSema KE_CAN_NOT_WAIT
[Sirens] 00746b29 Mode: stereo
CDVD GAP ms=94669 gap=125 lsn=66699 n=16
CDVD GAP ms=94742 gap=73 lsn=66715 n=16
CDVD GAP ms=96528 gap=212 lsn=67467 n=16
CDVD GAP ms=96924 gap=347 lsn=67515 n=16
CDVD GAP ms=96991 gap=67 lsn=67531 n=16
CDVD GAP ms=97355 gap=56 lsn=67787 n=16
CDVD GAP ms=97410 gap=55 lsn=67803 n=16
CDVD GAP ms=97547 gap=55 lsn=67851 n=16
CDVD GAP ms=97683 gap=55 lsn=67899 n=16
CDVD GAP ms=97738 gap=55 lsn=67915 n=16
CDVD GAP ms=97875 gap=55 lsn=67963 n=16
CDVD GAP ms=98053 gap=56 lsn=68027 n=16
CDVD GAP ms=98148 gap=54 lsn=68059 n=16
CDVD GAP ms=98389 gap=50 lsn=68155 n=16
CDVD GAP ms=99038 gap=386 lsn=68363 n=16
CDVD N ms=102026 n=1024 gaps=181
CDVD GAP ms=102361 gap=293 lsn=91864 n=16
CDVD GAP ms=102658 gap=57 lsn=92006 n=16
CDVD GAP ms=102992 gap=253 lsn=92086 n=16
CDVD GAP ms=103051 gap=59 lsn=92143 n=16
CDVD GAP ms=103297 gap=178 lsn=92207 n=16
CDVD GAP ms=103817 gap=398 lsn=92303 n=16
CDVD GAP ms=103868 gap=51 lsn=93215 n=16
CDVD GAP ms=104053 gap=143 lsn=93263 n=16
CDVD GAP ms=104800 gap=58 lsn=96304 n=16
CDVD GAP ms=104850 gap=50 lsn=96320 n=16
CDVD GAP ms=105075 gap=107 lsn=96400 n=16
CDVD GAP ms=105435 gap=327 lsn=97557 n=16
CDVD GAP ms=106658 gap=1200 lsn=70552 n=16
CDVD GAP ms=107794 gap=1093 lsn=70600 n=16
WARNING: WaitSema KE_CAN_NOT_WAIT
CDVD GAP ms=108721 gap=927 lsn=1203510 n=1
WARNING: WaitSema KE_CAN_NOT_WAIT
WARNING: WaitSema KE_CAN_NOT_WAIT
CDVD GAP ms=108816 gap=87 lsn=1203558 n=32
WARNING: WaitSema KE_CAN_NOT_WAIT
CDVD GAP ms=109383 gap=567 lsn=97579 n=16
CDVD GAP ms=109899 gap=453 lsn=97568 n=16
CDVD GAP ms=110085 gap=164 lsn=109110 n=16
CDVD GAP ms=110136 gap=51 lsn=97569 n=16
CDVD GAP ms=111003 gap=846 lsn=124708 n=16
CDVD GAP ms=111103 gap=59 lsn=124748 n=16
CDVD GAP ms=111203 gap=59 lsn=124788 n=16
CDVD GAP ms=111303 gap=59 lsn=124828 n=16
CDVD GAP ms=111403 gap=60 lsn=124868 n=16
CDVD GAP ms=111504 gap=59 lsn=124908 n=16
CDVD GAP ms=111604 gap=60 lsn=124948 n=16
CDVD GAP ms=111757 gap=111 lsn=124988 n=16
CDVD GAP ms=111851 gap=50 lsn=125028 n=16
CDVD GAP ms=111950 gap=58 lsn=125068 n=16
CDVD GAP ms=112122 gap=62 lsn=125148 n=16
CDVD GAP ms=112283 gap=52 lsn=125228 n=16
CDVD GAP ms=112388 gap=65 lsn=125268 n=16
CDVD GAP ms=112616 gap=59 lsn=125388 n=16
CDVD GAP ms=112886 gap=58 lsn=125508 n=16
CDVD GAP ms=113052 gap=62 lsn=125588 n=16
CDVD GAP ms=113286 gap=55 lsn=125708 n=16
CDVD GAP ms=113587 gap=59 lsn=125868 n=16
CDVD GAP ms=113821 gap=60 lsn=125988 n=16
CDVD GAP ms=113921 gap=58 lsn=126028 n=16
CDVD GAP ms=114022 gap=56 lsn=126068 n=16
CDVD GAP ms=114122 gap=59 lsn=126108 n=16
CDVD GAP ms=114491 gap=61 lsn=126308 n=16
CDVD GAP ms=114591 gap=61 lsn=126348 n=16
CDVD GAP ms=114890 gap=60 lsn=126508 n=16
CDVD GAP ms=114990 gap=60 lsn=126548 n=16
CDVD GAP ms=115090 gap=59 lsn=126588 n=16
CDVD GAP ms=115190 gap=60 lsn=126628 n=16
CDVD GAP ms=115424 gap=59 lsn=126748 n=16
CDVD GAP ms=115523 gap=57 lsn=126788 n=16
CDVD GAP ms=115623 gap=58 lsn=126828 n=16
CDVD GAP ms=115724 gap=59 lsn=126868 n=16
CDVD N ms=115898 n=1280 gaps=235
CDVD GAP ms=116025 gap=60 lsn=127028 n=16
CDVD GAP ms=116126 gap=61 lsn=127068 n=16
CDVD GAP ms=116226 gap=61 lsn=127108 n=16
CDVD GAP ms=116526 gap=61 lsn=127268 n=16
CDVD GAP ms=116626 gap=60 lsn=127308 n=16
CDVD GAP ms=116726 gap=57 lsn=127348 n=16
CDVD GAP ms=117025 gap=59 lsn=127508 n=16
CDVD GAP ms=117125 gap=59 lsn=127548 n=16
CDVD GAP ms=117225 gap=59 lsn=127588 n=16
CDVD GAP ms=117326 gap=60 lsn=127628 n=16
CDVD GAP ms=117559 gap=60 lsn=127748 n=16
CDVD GAP ms=117659 gap=59 lsn=127788 n=16
CDVD GAP ms=117759 gap=57 lsn=127828 n=16
CDVD GAP ms=117859 gap=59 lsn=127868 n=16
CDVD GAP ms=118228 gap=58 lsn=128068 n=16
CDVD GAP ms=118328 gap=56 lsn=128108 n=16
CDVD GAP ms=118662 gap=61 lsn=128268 n=16
CDVD GAP ms=118762 gap=59 lsn=128308 n=16
CDVD GAP ms=118927 gap=60 lsn=128388 n=16
CDVD GAP ms=119160 gap=59 lsn=128508 n=16
CDVD GAP ms=119261 gap=59 lsn=128548 n=16
CDVD GAP ms=119361 gap=58 lsn=128588 n=16
CDVD GAP ms=119461 gap=59 lsn=128628 n=16
CDVD GAP ms=119762 gap=60 lsn=128788 n=16
CDVD GAP ms=119862 gap=59 lsn=128828 n=16
CDVD GAP ms=119963 gap=59 lsn=128868 n=16
CDVD GAP ms=120329 gap=60 lsn=129068 n=16
CDVD GAP ms=120429 gap=59 lsn=129108 n=16
CDVD GAP ms=120527 gap=57 lsn=129148 n=16
CDVD GAP ms=120697 gap=60 lsn=129228 n=16
CDVD GAP ms=120798 gap=58 lsn=129268 n=16
CDVD GAP ms=120961 gap=56 lsn=129348 n=16
CDVD GAP ms=121061 gap=58 lsn=129388 n=16
CDVD GAP ms=121296 gap=59 lsn=129508 n=16
CDVD GAP ms=121396 gap=58 lsn=129548 n=16
CDVD GAP ms=121497 gap=57 lsn=129588 n=16
CDVD GAP ms=121595 gap=55 lsn=129628 n=16
CDVD GAP ms=121897 gap=57 lsn=129788 n=16
CDVD GAP ms=121997 gap=58 lsn=129828 n=16
CDVD GAP ms=122297 gap=57 lsn=129988 n=16
CDVD GAP ms=122397 gap=59 lsn=130028 n=16
CDVD GAP ms=122497 gap=60 lsn=130068 n=16
CDVD GAP ms=122597 gap=59 lsn=130108 n=16
CDVD GAP ms=122898 gap=58 lsn=130268 n=16
CDVD GAP ms=122998 gap=60 lsn=130308 n=16
CDVD GAP ms=123098 gap=58 lsn=130348 n=16
CDVD GAP ms=123196 gap=57 lsn=130388 n=16
CDVD N ms=123196 n=1536 gaps=283
CDVD GAP ms=123432 gap=59 lsn=130508 n=16
CDVD GAP ms=123532 gap=57 lsn=130548 n=16
CDVD GAP ms=123632 gap=55 lsn=130588 n=16
CDVD GAP ms=123731 gap=55 lsn=130628 n=16
CDVD GAP ms=124099 gap=60 lsn=130828 n=16
CDVD GAP ms=124199 gap=60 lsn=130868 n=16
CDVD GAP ms=124500 gap=58 lsn=131028 n=16
CDVD GAP ms=124599 gap=59 lsn=131068 n=16
CDVD GAP ms=124700 gap=59 lsn=131108 n=16
CDVD GAP ms=125033 gap=60 lsn=131268 n=16
CDVD GAP ms=125134 gap=59 lsn=131308 n=16
CDVD GAP ms=125234 gap=57 lsn=131348 n=16
CDVD GAP ms=125331 gap=57 lsn=131388 n=16
CDVD GAP ms=125567 gap=59 lsn=131508 n=16
CDVD GAP ms=125734 gap=60 lsn=131588 n=16
CDVD GAP ms=126035 gap=60 lsn=131748 n=16
CDVD GAP ms=126136 gap=61 lsn=131788 n=16
CDVD GAP ms=126236 gap=56 lsn=131828 n=16
CDVD GAP ms=126398 gap=57 lsn=131908 n=16
CDVD GAP ms=126635 gap=58 lsn=132028 n=16
CDVD GAP ms=126735 gap=52 lsn=132068 n=16
CDVD GAP ms=126834 gap=56 lsn=132108 n=16
CDVD GAP ms=126933 gap=58 lsn=132148 n=16
CDVD GAP ms=127169 gap=59 lsn=132268 n=16
CDVD GAP ms=127269 gap=60 lsn=132308 n=16
CDVD GAP ms=127369 gap=60 lsn=132348 n=16
CDVD GAP ms=127467 gap=55 lsn=132388 n=16
CDVD GAP ms=127836 gap=57 lsn=132588 n=16
CDVD GAP ms=127936 gap=59 lsn=132628 n=16
CDVD GAP ms=128170 gap=56 lsn=132748 n=16
CDVD GAP ms=128270 gap=60 lsn=132788 n=16
CDVD GAP ms=128436 gap=59 lsn=132868 n=16
CDVD GAP ms=128535 gap=56 lsn=132908 n=16
CDVD GAP ms=128870 gap=60 lsn=133068 n=16
CDVD GAP ms=128970 gap=59 lsn=133108 n=16
CDVD GAP ms=129069 gap=57 lsn=133148 n=16
CDVD GAP ms=129305 gap=61 lsn=133268 n=16
CDVD GAP ms=129471 gap=56 lsn=133348 n=16
CDVD GAP ms=129771 gap=58 lsn=133508 n=16
CDVD GAP ms=129938 gap=60 lsn=133588 n=16
CDVD GAP ms=130038 gap=58 lsn=133628 n=16
CDVD GAP ms=130137 gap=59 lsn=133668 n=16
CDVD GAP ms=130372 gap=60 lsn=133788 n=16
CDVD N ms=130392 n=1792 gaps=328
CDVD GAP ms=130472 gap=59 lsn=133828 n=16
CDVD GAP ms=130571 gap=59 lsn=133868 n=16
CDVD GAP ms=130670 gap=57 lsn=133908 n=16
CDVD GAP ms=130905 gap=58 lsn=134028 n=16
CDVD GAP ms=131006 gap=57 lsn=134068 n=16
CDVD GAP ms=131104 gap=57 lsn=134108 n=16
CDVD GAP ms=131205 gap=58 lsn=134148 n=16
CDVD GAP ms=131575 gap=60 lsn=134348 n=16
CDVD GAP ms=131674 gap=58 lsn=134388 n=16
CDVD GAP ms=131974 gap=59 lsn=134548 n=16
CDVD GAP ms=132074 gap=60 lsn=134588 n=16
CDVD GAP ms=132174 gap=59 lsn=134628 n=16
CDVD GAP ms=132508 gap=59 lsn=134788 n=16
CDVD GAP ms=132608 gap=58 lsn=134828 n=16
CDVD GAP ms=132807 gap=57 lsn=134908 n=16
CDVD GAP ms=133175 gap=60 lsn=135108 n=16
CDVD GAP ms=133275 gap=60 lsn=135148 n=16
CDVD GAP ms=133509 gap=60 lsn=135268 n=16
CDVD GAP ms=133608 gap=58 lsn=135308 n=16
CDVD GAP ms=133709 gap=60 lsn=135348 n=16
CDVD GAP ms=133875 gap=55 lsn=135428 n=16
CDVD GAP ms=134110 gap=60 lsn=135548 n=16
CDVD GAP ms=134209 gap=60 lsn=135588 n=16
CDVD GAP ms=134309 gap=53 lsn=135628 n=16
CDVD GAP ms=134408 gap=50 lsn=135668 n=16
CDVD GAP ms=134643 gap=60 lsn=135788 n=16
CDVD GAP ms=134743 gap=59 lsn=135828 n=16
CDVD GAP ms=134843 gap=60 lsn=135868 n=16
CDVD GAP ms=135210 gap=59 lsn=136068 n=16
CDVD GAP ms=135311 gap=57 lsn=136108 n=16
CDVD GAP ms=135411 gap=57 lsn=136148 n=16
CDVD GAP ms=135711 gap=57 lsn=136308 n=16
CDVD GAP ms=135811 gap=57 lsn=136348 n=16
CDVD GAP ms=135911 gap=60 lsn=136388 n=16
CDVD GAP ms=136011 gap=59 lsn=136428 n=16
CDVD GAP ms=136245 gap=59 lsn=136548 n=16
CDVD GAP ms=136345 gap=58 lsn=136588 n=16
CDVD GAP ms=136444 gap=55 lsn=136628 n=16
CDVD GAP ms=136543 gap=56 lsn=136668 n=16
CDVD GAP ms=136775 gap=57 lsn=136788 n=16
CDVD GAP ms=136874 gap=57 lsn=136828 n=16
CDVD GAP ms=136975 gap=59 lsn=136868 n=16
CDVD GAP ms=137074 gap=59 lsn=136908 n=16
CDVD GAP ms=137511 gap=60 lsn=137148 n=16
CDVD GAP ms=137612 gap=60 lsn=137188 n=16
CDVD N ms=137654 n=2048 gaps=375
CDVD GAP ms=137712 gap=58 lsn=137228 n=16
CDVD GAP ms=137877 gap=59 lsn=137308 n=16
CDVD GAP ms=137976 gap=56 lsn=137348 n=16
CDVD GAP ms=138075 gap=57 lsn=137388 n=16
CDVD GAP ms=138245 gap=59 lsn=137468 n=16
CDVD GAP ms=138612 gap=61 lsn=137668 n=16
CDVD GAP ms=138711 gap=56 lsn=137708 n=16
CDVD GAP ms=138811 gap=59 lsn=137748 n=16
CDVD GAP ms=139046 gap=60 lsn=137868 n=16
CDVD GAP ms=139146 gap=58 lsn=137908 n=16
CDVD GAP ms=139247 gap=55 lsn=137948 n=16
CDVD GAP ms=139344 gap=56 lsn=137988 n=16
CDVD GAP ms=139579 gap=61 lsn=138108 n=16
CDVD GAP ms=139679 gap=59 lsn=138148 n=16
CDVD GAP ms=139847 gap=60 lsn=138228 n=16
CDVD GAP ms=140215 gap=59 lsn=138428 n=16
CDVD GAP ms=140315 gap=58 lsn=138468 n=16
CDVD GAP ms=140414 gap=58 lsn=138508 n=16
CDVD GAP ms=140649 gap=58 lsn=138628 n=16
CDVD GAP ms=140749 gap=57 lsn=138668 n=16
CDVD GAP ms=140849 gap=60 lsn=138708 n=16
CDVD GAP ms=140948 gap=59 lsn=138748 n=16
CDVD GAP ms=141250 gap=60 lsn=138908 n=16
CDVD GAP ms=141350 gap=58 lsn=138948 n=16
CDVD GAP ms=141450 gap=58 lsn=138988 n=16
CDVD GAP ms=141617 gap=60 lsn=139068 n=16
CDVD GAP ms=141717 gap=59 lsn=139108 n=16
CDVD GAP ms=141814 gap=58 lsn=139148 n=16
CDVD GAP ms=141913 gap=56 lsn=139188 n=16
CDVD GAP ms=142283 gap=59 lsn=139388 n=16
CDVD GAP ms=142383 gap=56 lsn=139428 n=16
CDVD GAP ms=142484 gap=56 lsn=139468 n=16
CDVD GAP ms=142579 gap=54 lsn=139508 n=16
CDVD GAP ms=142681 gap=59 lsn=139548 n=16
CDVD GAP ms=143117 gap=59 lsn=139788 n=16
CDVD GAP ms=143216 gap=56 lsn=139828 n=16
CDVD GAP ms=143452 gap=60 lsn=139948 n=16
CDVD GAP ms=143552 gap=59 lsn=139988 n=16
CDVD GAP ms=143652 gap=58 lsn=140028 n=16
CDVD GAP ms=143750 gap=58 lsn=140068 n=16
CDVD GAP ms=143985 gap=59 lsn=140188 n=16
CDVD GAP ms=144085 gap=59 lsn=140228 n=16
CDVD GAP ms=144185 gap=57 lsn=140268 n=16
CDVD GAP ms=144284 gap=58 lsn=140308 n=16
CDVD GAP ms=144586 gap=59 lsn=140468 n=16
CDVD N ms=144888 n=2304 gaps=421
CDVD GAP ms=145053 gap=60 lsn=140708 n=16
CDVD GAP ms=145153 gap=59 lsn=140748 n=16
CDVD GAP ms=145253 gap=59 lsn=140788 n=16
CDVD GAP ms=145352 gap=54 lsn=140828 n=16
CDVD GAP ms=145587 gap=60 lsn=140948 n=16
CDVD GAP ms=145687 gap=59 lsn=140988 n=16
CDVD GAP ms=145787 gap=59 lsn=141028 n=16
CDVD GAP ms=145886 gap=58 lsn=141068 n=16
CDVD GAP ms=146122 gap=61 lsn=141188 n=16
CDVD GAP ms=146288 gap=57 lsn=141268 n=16
CDVD GAP ms=146689 gap=58 lsn=141468 n=16
CDVD GAP ms=146855 gap=59 lsn=141548 n=16
CDVD GAP ms=146954 gap=58 lsn=141588 n=16
CDVD GAP ms=147188 gap=59 lsn=141708 n=16
CDVD GAP ms=147288 gap=59 lsn=141748 n=16
CDVD GAP ms=147389 gap=58 lsn=141788 n=16
CDVD GAP ms=147488 gap=57 lsn=141828 n=16
CDVD GAP ms=147723 gap=60 lsn=141948 n=16
CDVD GAP ms=147889 gap=59 lsn=142028 n=16
CDVD GAP ms=147989 gap=60 lsn=142068 n=16
CDVD GAP ms=148290 gap=59 lsn=142228 n=16
CDVD GAP ms=148490 gap=59 lsn=142308 n=16
CDVD GAP ms=148790 gap=60 lsn=142468 n=16
CDVD GAP ms=148890 gap=59 lsn=142508 n=16
CDVD GAP ms=148990 gap=61 lsn=142548 n=16
CDVD GAP ms=149088 gap=57 lsn=142588 n=16
CDVD GAP ms=149323 gap=58 lsn=142708 n=16
CDVD GAP ms=149424 gap=59 lsn=142748 n=16
CDVD GAP ms=149523 gap=58 lsn=142788 n=16
CDVD GAP ms=149622 gap=59 lsn=142828 n=16
CDVD GAP ms=149856 gap=60 lsn=142948 n=16
CDVD GAP ms=149956 gap=55 lsn=142988 n=16
CDVD GAP ms=150426 gap=58 lsn=143228 n=16
CDVD GAP ms=150590 gap=60 lsn=143308 n=16
CDVD GAP ms=150689 gap=58 lsn=143348 n=16
CDVD GAP ms=150924 gap=60 lsn=143468 n=16
CDVD GAP ms=151024 gap=58 lsn=143508 n=16
CDVD GAP ms=151123 gap=59 lsn=143548 n=16
CDVD GAP ms=151222 gap=57 lsn=143588 n=16
CDVD GAP ms=151457 gap=60 lsn=143708 n=16
CDVD GAP ms=151557 gap=56 lsn=143748 n=16
CDVD GAP ms=151657 gap=60 lsn=143788 n=16
CDVD GAP ms=152027 gap=59 lsn=143988 n=16
CDVD GAP ms=152129 gap=60 lsn=144028 n=16
CDVD N ms=152150 n=2560 gaps=468
CDVD GAP ms=152227 gap=57 lsn=144068 n=16
CDVD GAP ms=152626 gap=58 lsn=144268 n=16
CDVD GAP ms=152726 gap=58 lsn=144308 n=16
CDVD GAP ms=152823 gap=54 lsn=144348 n=16
CDVD GAP ms=153159 gap=57 lsn=144508 n=16
CDVD GAP ms=153329 gap=60 lsn=144588 n=16
CDVD GAP ms=153429 gap=57 lsn=144628 n=16
CDVD GAP ms=153530 gap=60 lsn=144668 n=16
CDVD GAP ms=153629 gap=57 lsn=144708 n=16
CDVD GAP ms=153730 gap=61 lsn=144748 n=16
CDVD GAP ms=153897 gap=63 lsn=144828 n=16
CDVD GAP ms=153994 gap=56 lsn=144868 n=16
CDVD GAP ms=154156 gap=56 lsn=144948 n=16
CDVD GAP ms=154322 gap=58 lsn=145028 n=16
CDVD GAP ms=154436 gap=74 lsn=145068 n=16
CDVD GAP ms=154533 gap=55 lsn=145108 n=16
CDVD GAP ms=154700 gap=59 lsn=145188 n=16
CDVD GAP ms=155033 gap=68 lsn=145348 n=16
CDVD GAP ms=155134 gap=60 lsn=145388 n=16
CDVD GAP ms=155300 gap=59 lsn=145468 n=16
CDVD GAP ms=155467 gap=58 lsn=145548 n=16
CDVD GAP ms=155635 gap=74 lsn=145628 n=16
CDVD GAP ms=155801 gap=56 lsn=145708 n=16
CDVD GAP ms=155902 gap=58 lsn=145748 n=16
CDVD GAP ms=156135 gap=56 lsn=145868 n=16
WARNING: WaitSema KE_CAN_NOT_WAIT
CDVD GAP ms=156823 gap=499 lsn=1203510 n=1
WARNING: WaitSema KE_CAN_NOT_WAIT
WARNING: WaitSema KE_CAN_NOT_WAIT
CDVD GAP ms=156927 gap=95 lsn=1203558 n=32
WARNING: WaitSema KE_CAN_NOT_WAIT
WARNING: WaitSema KE_CAN_NOT_WAIT
CDVD GAP ms=157097 gap=170 lsn=1203590 n=32
WARNING: WaitSema KE_CAN_NOT_WAIT
WARNING: WaitSema KE_CAN_NOT_WAIT
CDVD GAP ms=157468 gap=371 lsn=1203622 n=32
WARNING: WaitSema KE_CAN_NOT_WAIT
WARNING: WaitSema KE_CAN_NOT_WAIT
CDVD GAP ms=157797 gap=329 lsn=1203654 n=32
WARNING: WaitSema KE_CAN_NOT_WAIT
WARNING: WaitSema KE_CAN_NOT_WAIT
CDVD GAP ms=158119 gap=322 lsn=1203686 n=32
WARNING: WaitSema KE_CAN_NOT_WAIT
WARNING: WaitSema KE_CAN_NOT_WAIT
CDVD GAP ms=158447 gap=328 lsn=1203702 n=32
WARNING: WaitSema KE_CAN_NOT_WAIT
WARNING: WaitSema KE_CAN_NOT_WAIT
CDVD GAP ms=158770 gap=323 lsn=1203734 n=32
WARNING: WaitSema KE_CAN_NOT_WAIT
WARNING: WaitSema KE_CAN_NOT_WAIT
CDVD GAP ms=159097 gap=327 lsn=1203766 n=32
WARNING: WaitSema KE_CAN_NOT_WAIT
WARNING: WaitSema KE_CAN_NOT_WAIT
CDVD GAP ms=159420 gap=323 lsn=1203798 n=32
WARNING: WaitSema KE_CAN_NOT_WAIT
WARNING: WaitSema KE_CAN_NOT_WAIT
CDVD GAP ms=159748 gap=328 lsn=1203830 n=32
WARNING: WaitSema KE_CAN_NOT_WAIT
WARNING: WaitSema KE_CAN_NOT_WAIT
CDVD GAP ms=160071 gap=323 lsn=1203862 n=32
WARNING: WaitSema KE_CAN_NOT_WAIT
WARNING: WaitSema KE_CAN_NOT_WAIT
CDVD GAP ms=160393 gap=322 lsn=1203894 n=32
WARNING: WaitSema KE_CAN_NOT_WAIT
WARNING: WaitSema KE_CAN_NOT_WAIT
CDVD GAP ms=160722 gap=329 lsn=1203926 n=32
WARNING: WaitSema KE_CAN_NOT_WAIT
WARNING: WaitSema KE_CAN_NOT_WAIT
CDVD GAP ms=161373 gap=328 lsn=1203958 n=32
WARNING: WaitSema KE_CAN_NOT_WAIT
WARNING: WaitSema KE_CAN_NOT_WAIT
CDVD GAP ms=161696 gap=323 lsn=1203990 n=32
WARNING: WaitSema KE_CAN_NOT_WAIT
WARNING: WaitSema KE_CAN_NOT_WAIT
CDVD GAP ms=162022 gap=326 lsn=1204022 n=32
WARNING: WaitSema KE_CAN_NOT_WAIT
